{
let f1 = printfn "%s %A"
let f2 = printfn "%s %A %A"
}
[<Start>]
s: arg=X yard_lst=yard_lr_s
{let yard_tmp =
    f1 "x" arg
List.fold (fun s f -> f s) yard_tmp yard_lst} |
   arg=Y yard_lst=yard_lr_s
{let yard_tmp =
    f1 "y" arg
List.fold (fun s f -> f s) yard_tmp yard_lst}
yard_lr_s: { [] } |
           arg2=A yard_lst=yard_lr_s
{(fun (arg1) ->
    f2 "a" arg1 arg2
)::yard_lst} |
           arg2=B yard_lst=yard_lr_s
{(fun (arg1) ->
    f2 "b" arg1 arg2
)::yard_lst}