[<Start>]
s:  yard_rule_yardOption_1 yard_rule_yardOption_2 yard_rule_o_3;

yard_rule_o_3:  yard_item = yard_rule_yardOption_4 { Some yard_item };

yard_rule_yardOption_4:  yard_item = SEMI { Some yard_item };

yard_rule_yardOption_2:  yard_item = STRING { Some yard_item };

yard_rule_yardOption_1:  yard_item = NUM { Some yard_item };

