s[arg]:  do[arg];

yard_rule_4[c b]:  s[b];

yard_rule_d_5[yard_arg_3 yard_arg_2]:  yard_rule_4[yard_arg_3 yard_arg_2];

yard_rule_6[c b]:  s[c];

yard_rule_d_7[yard_arg_3 yard_arg_2]:  yard_rule_6[yard_arg_3 yard_arg_2];

a[b c]:  yard_rule_d_5[c b] yard_rule_d_7[c b];

+s: 
      a[b c]
    | a[c b];
