yard_rule_4[arg a2 a1]:  r[arg];

yard_rule_a_5[v yard_arg_3 yard_arg_2 yard_arg_1]: 
    yard_rule_4[yard_arg_3 yard_arg_2 yard_arg_1]
    yard_rule_4[yard_arg_3 yard_arg_2 yard_arg_1];

yard_rule_7[arg a2 a1]:  yard_rule_a_5[a2 arg a2 a1];

yard_rule_a_8[v yard_arg_3 yard_arg_2 yard_arg_1]: 
    yard_rule_7[yard_arg_3 yard_arg_2 yard_arg_1]
    yard_rule_7[yard_arg_3 yard_arg_2 yard_arg_1];

+s[a1 a2 arg]:  yard_rule_a_8[a1 arg a2 a1];
