yard_rule_1:  NUM;

yard_rule_yardOption_2:  <yard_item> = yard_rule_1 { Some yard_item };

yard_rule_4:  STRING;

yard_rule_yardOption_5:  <yard_item> = yard_rule_4 { Some yard_item };

yard_rule_7:  SEMI;

yard_rule_9:  yard_rule_7;

yard_rule_yardOption_10:  <yard_item> = yard_rule_9 { Some yard_item };

yard_rule_o_8:  <yard_item> = yard_rule_yardOption_10 { Some yard_item };

+s:  yard_rule_yardOption_2 yard_rule_yardOption_5 yard_rule_o_8;
